src/business/business.service.ts(1468,65): error TS2551: Property 'getTenantConnection' does not exist on type 'TenantConnectionService'. Did you mean 'getTenantCollection'?
src/business/business.service.ts(1492,22): error TS2345: Argument of type '{ month: string; year: number; revenue: number; }' is not assignable to parameter of type 'never'.
